seq1	seq2	matches	total_compared	percent
s1	s2	3	4.0	75.0
s1	s3	1	4.0	25.0
s1	s4	0	0.0	NaN
s2	s3	2	4.0	50.0
s2	s4	0	0.0	NaN
s3	s4	2	2.0	100.0
